[Fri Jul 31 07:28:40.042866 2026] [mpm_prefork:notice] [pid 289] AH00163: Apache/2.4.25 (Debian) configured -- resuming normal operations
[Fri Jul 31 07:28:40.042904 2026] [core:notice] [pid 289] AH00094: Command line: '/usr/sbin/apache2'
[Fri Jul 31 07:29:06.727742 2026] [:error] [pid 298] [client 10.10.10.1:51332] PHP Notice:  Constant DVWA_WEB_PAGE_TO_ROOT already defined in /var/www/html/dvwa/includes/DBMS/MySQL.php on line 9, referer: http://localhost:8080/setup.php
[Sat Aug 01 17:21:29.511094 2026] [core:warn] [pid 291] AH00098: pid file /var/run/apache2/apache2.pid overwritten -- Unclean shutdown of previous Apache run?
[Sat Aug 01 17:21:29.513932 2026] [mpm_prefork:notice] [pid 291] AH00163: Apache/2.4.25 (Debian) configured -- resuming normal operations
[Sat Aug 01 17:21:29.513949 2026] [core:notice] [pid 291] AH00094: Command line: '/usr/sbin/apache2'
[Mon Aug 03 07:06:07.849150 2026] [core:warn] [pid 286] AH00098: pid file /var/run/apache2/apache2.pid overwritten -- Unclean shutdown of previous Apache run?
[Mon Aug 03 07:06:07.854556 2026] [mpm_prefork:notice] [pid 286] AH00163: Apache/2.4.25 (Debian) configured -- resuming normal operations
[Mon Aug 03 07:06:07.854595 2026] [core:notice] [pid 286] AH00094: Command line: '/usr/sbin/apache2'
[Tue Aug 04 10:39:51.163947 2026] [core:warn] [pid 290] AH00098: pid file /var/run/apache2/apache2.pid overwritten -- Unclean shutdown of previous Apache run?
[Tue Aug 04 10:39:51.166455 2026] [mpm_prefork:notice] [pid 290] AH00163: Apache/2.4.25 (Debian) configured -- resuming normal operations
[Tue Aug 04 10:39:51.166474 2026] [core:notice] [pid 290] AH00094: Command line: '/usr/sbin/apache2'
[Tue Aug 04 15:54:32.129211 2026] [core:warn] [pid 290] AH00098: pid file /var/run/apache2/apache2.pid overwritten -- Unclean shutdown of previous Apache run?
[Tue Aug 04 15:54:32.131363 2026] [mpm_prefork:notice] [pid 290] AH00163: Apache/2.4.25 (Debian) configured -- resuming normal operations
[Tue Aug 04 15:54:32.131380 2026] [core:notice] [pid 290] AH00094: Command line: '/usr/sbin/apache2'
[Tue Aug 04 16:07:45.515911 2026] [core:warn] [pid 289] AH00098: pid file /var/run/apache2/apache2.pid overwritten -- Unclean shutdown of previous Apache run?
[Tue Aug 04 16:07:45.519349 2026] [mpm_prefork:notice] [pid 289] AH00163: Apache/2.4.25 (Debian) configured -- resuming normal operations
[Tue Aug 04 16:07:45.519372 2026] [core:notice] [pid 289] AH00094: Command line: '/usr/sbin/apache2'
[Sun Aug 09 10:38:00.938476 2026] [core:warn] [pid 291] AH00098: pid file /var/run/apache2/apache2.pid overwritten -- Unclean shutdown of previous Apache run?
[Sun Aug 09 10:38:00.940964 2026] [mpm_prefork:notice] [pid 291] AH00163: Apache/2.4.25 (Debian) configured -- resuming normal operations
[Sun Aug 09 10:38:00.940981 2026] [core:notice] [pid 291] AH00094: Command line: '/usr/sbin/apache2'
[Sun Aug 09 15:22:51.136387 2026] [:error] [pid 303] [client 10.10.10.1:40096] PHP Notice:  Constant DVWA_WEB_PAGE_TO_ROOT already defined in /var/www/html/dvwa/includes/DBMS/MySQL.php on line 9, referer: http://localhost:8080/setup.php
[Sun Aug 09 15:24:40.548843 2026] [:error] [pid 304] [client 10.10.10.1:42320] PHP Notice:  Constant DVWA_WEB_PAGE_TO_ROOT already defined in /var/www/html/dvwa/includes/DBMS/MySQL.php on line 9, referer: http://localhost:8080/setup.php
